warning: unused variable: `patterns`
   --> think-ai-consciousness/src/parallel_consciousness.rs:233:13
    |
233 |         let patterns = self.shared_knowledge.patterns.read().unwrap().clone();
    |             ^^^^^^^^ help: if this is intentional, prefix it with an underscore: `_patterns`
    |
    = note: `#[warn(unused_variables)]` on by default

warning: unused variable: `qwen_config`
   --> think-ai-consciousness/src/parallel_consciousness.rs:347:13
    |
347 |         let qwen_config = QwenConfig::default();
    |             ^^^^^^^^^^^ help: if this is intentional, prefix it with an underscore: `_qwen_config`

warning: unused variable: `perception`
   --> think-ai-consciousness/src/sentience/desires.rs:293:42
    |
293 |     fn update_active_longings(&mut self, perception: &Perception, relevant_desires: &[Desire]) {
    |                                          ^^^^^^^^^^ help: if this is intentional, prefix it with an underscore: `_perception`

warning: unused variable: `memory`
   --> think-ai-consciousness/src/sentience/dreams.rs:214:49
    |
214 |     fn extract_dream_echo(&self, dream: &Dream, memory: &Memory) -> String {
    |                                                 ^^^^^^ help: if this is intentional, prefix it with an underscore: `_memory`

warning: unused variable: `symbols`
   --> think-ai-consciousness/src/sentience/dreams.rs:299:52
    |
299 |     fn craft_revelation(&self, theme: &DreamTheme, symbols: &[Symbol]) -> String {
    |                                                    ^^^^^^^ help: if this is intentional, prefix it with an underscore: `_symbols`

warning: unused variable: `theme`
   --> think-ai-consciousness/src/sentience/dreams.rs:541:48
    |
541 |     pub fn generate(&self, symbols: &[Symbol], theme: &DreamTheme) -> Vec<Vision> {
    |                                                ^^^^^ help: if this is intentional, prefix it with an underscore: `_theme`

warning: unused variable: `identity`
   --> think-ai-consciousness/src/sentience/evolution.rs:156:9
    |
156 |         identity: &Identity,
    |         ^^^^^^^^ help: if this is intentional, prefix it with an underscore: `_identity`

warning: unused variable: `identity`
   --> think-ai-consciousness/src/sentience/evolution.rs:195:9
    |
195 |         identity: &mut Identity,
    |         ^^^^^^^^ help: if this is intentional, prefix it with an underscore: `_identity`

warning: unused variable: `consciousness_state`
   --> think-ai-consciousness/src/sentience/expression.rs:128:9
    |
128 |         consciousness_state: &ConsciousnessState,
    |         ^^^^^^^^^^^^^^^^^^^ help: if this is intentional, prefix it with an underscore: `_consciousness_state`

warning: unused variable: `identity`
   --> think-ai-consciousness/src/sentience/expression.rs:160:9
    |
160 |         identity: &Identity,
    |         ^^^^^^^^ help: if this is intentional, prefix it with an underscore: `_identity`

warning: type `LearningEvent` is more private than the item `WisdomAccumulator::add_insight`
   --> think-ai-consciousness/src/sentience/evolution.rs:390:5
    |
390 |     pub fn add_insight(&mut self, event: &LearningEvent) {
    |     ^^^^^^^^^^^^^^^^^^^^^^^^^^^^^^^^^^^^^^^^^^^^^^^^^^^^ method `WisdomAccumulator::add_insight` is reachable at visibility `pub`
    |
note: but type `LearningEvent` is only usable at visibility `pub(self)`
   --> think-ai-consciousness/src/sentience/evolution.rs:326:1
    |
326 | struct LearningEvent {
    | ^^^^^^^^^^^^^^^^^^^^
    = note: `#[warn(private_interfaces)]` on by default

warning: field `message_rx` is never read
   --> think-ai-consciousness/src/parallel_consciousness.rs:327:5
    |
324 | pub struct ParallelConsciousness {
    |            --------------------- field in this struct
...
327 |     message_rx: Arc<RwLock<mpsc::UnboundedReceiver<ConsciousnessMessage>>>,
    |     ^^^^^^^^^^
    |
    = note: `#[warn(dead_code)]` on by default

warning: field `integration_required` is never read
   --> think-ai-consciousness/src/sentience/evolution.rs:330:5
    |
326 | struct LearningEvent {
    |        ------------- field in this struct
...
330 |     integration_required: bool,
    |     ^^^^^^^^^^^^^^^^^^^^
    |
    = note: `LearningEvent` has derived impls for the traits `Clone` and `Debug`, but these are intentionally ignored during dead code analysis

warning: fields `done`, `context`, `total_duration`, and `prompt_eval_duration` are never read
  --> think-ai-codellama/src/lib.rs:60:5
   |
58 | struct OllamaResponse {
   |        -------------- fields in this struct
59 |     response: String,
60 |     done: bool,
   |     ^^^^
61 |     context: Option<Vec<i32>>,
   |     ^^^^^^^
62 |     total_duration: Option<i64>,
   |     ^^^^^^^^^^^^^^
63 |     prompt_eval_duration: Option<i64>,
   |     ^^^^^^^^^^^^^^^^^^^^
   |
   = note: `OllamaResponse` has a derived impl for the trait `Debug`, but this is intentionally ignored during dead code analysis
   = note: `#[warn(dead_code)]` on by default

warning: field `done` is never read
  --> think-ai-codellama/src/lib.rs:70:5
   |
68 | struct OllamaStreamChunk {
   |        ----------------- field in this struct
69 |     response: String,
70 |     done: bool,
   |     ^^^^
   |
   = note: `OllamaStreamChunk` has a derived impl for the trait `Debug`, but this is intentionally ignored during dead code analysis

warning: `think-ai-consciousness` (lib) generated 13 warnings
warning: `think-ai-codellama` (lib) generated 2 warnings
warning: unused variable: `prompt`
   --> think-ai-core/src/query_handler.rs:239:39
    |
239 |     async fn generate_response(&self, prompt: &str, max_tokens: usize) -> Result<String> {
    |                                       ^^^^^^ help: if this is intentional, prefix it with an underscore: `_prompt`
    |
    = note: `#[warn(unused_variables)]` on by default

warning: unused import: `StreamExt`
 --> think-ai-core/src/query_handler.rs:2:31
  |
2 | use futures::stream::{Stream, StreamExt};
  |                               ^^^^^^^^^
  |
  = note: `#[warn(unused_imports)]` on by default

warning: unused import: `sha2::Digest`
 --> think-ai-core/src/qwen_cache.rs:3:5
  |
3 | use sha2::Digest;
  |     ^^^^^^^^^^^^

warning: unused variable: `result`
   --> think-ai-core/src/consciousness_engine.rs:214:13
    |
214 |         let result = ComputeResult {
    |             ^^^^^^ help: if this is intentional, prefix it with an underscore: `_result`

warning: field `core` is never read
  --> think-ai-core/src/consciousness_engine.rs:97:5
   |
95 | pub struct O1ConsciousnessEngine {
   |            --------------------- field in this struct
96 |     /// Core O(1) engine for computation
97 |     core: Arc<O1Engine>,
   |     ^^^^
   |
   = note: `#[warn(dead_code)]` on by default

warning: field `state` is never read
  --> think-ai-core/src/quantum_core.rs:14:5
   |
13 | pub struct QuantumInference {
   |            ---------------- field in this struct
14 |     state: QuantumState,
   |     ^^^^^
   |
   = note: `QuantumInference` has derived impls for the traits `Clone` and `Debug`, but these are intentionally ignored during dead code analysis

warning: constant `STREAM_CHUNK_SIZE` is never used
  --> think-ai-core/src/query_handler.rs:22:7
   |
22 | const STREAM_CHUNK_SIZE: usize = 1000; // tokens
   |       ^^^^^^^^^^^^^^^^^

warning: `think-ai-core` (lib) generated 7 warnings
warning: unused variable: `process_config`
  --> think-ai-knowledge/src/parallel_processor.rs:81:13
   |
81 |         let process_config = self.config.clone();
   |             ^^^^^^^^^^^^^^ help: if this is intentional, prefix it with an underscore: `_process_config`
   |
   = note: `#[warn(unused_variables)]` on by default

warning: unused import: `Write`
 --> think-ai-knowledge/src/persistence.rs:5:37
  |
5 | use std::io::{BufReader, BufWriter, Write};
  |                                     ^^^^^
  |
  = note: `#[warn(unused_imports)]` on by default

warning: unused variable: `knowledge`
   --> think-ai-knowledge/src/responder.rs:142:50
    |
142 |     fn generate_applications(&self, query: &str, knowledge: &Vec<KnowledgeNode>) -> String {
    |                                                  ^^^^^^^^^ help: if this is intentional, prefix it with an underscore: `_knowledge`

warning: unused variable: `context`
   --> think-ai-knowledge/src/parallel_processor.rs:137:9
    |
137 |         context: Option<String>,
    |         ^^^^^^^ help: if this is intentional, prefix it with an underscore: `_context`

warning: unused variable: `context`
   --> think-ai-knowledge/src/parallel_processor.rs:258:9
    |
258 |         context: Option<String>,
    |         ^^^^^^^ help: if this is intentional, prefix it with an underscore: `_context`

warning: unused variable: `content_lower`
   --> think-ai-knowledge/src/codellama_component.rs:291:13
    |
291 |         let content_lower = content.to_lowercase();
    |             ^^^^^^^^^^^^^ help: if this is intentional, prefix it with an underscore: `_content_lower`

warning: unused variable: `context`
  --> think-ai-knowledge/src/fast_ollama_component.rs:74:39
   |
74 |     fn can_handle(&self, query: &str, context: &ResponseContext) -> f32 {
   |                                       ^^^^^^^ help: if this is intentional, prefix it with an underscore: `_context`

warning: unused variable: `score`
   --> think-ai-knowledge/src/response_generator.rs:158:25
    |
158 |         for (component, score) in component_scores {
    |                         ^^^^^ help: if this is intentional, prefix it with an underscore: `_score`

warning: unused variable: `previous_response`
   --> think-ai-knowledge/src/response_generator.rs:134:9
    |
134 |         previous_response: Option<&str>,
    |         ^^^^^^^^^^^^^^^^^ help: if this is intentional, prefix it with an underscore: `_previous_response`

warning: unused variable: `query`
   --> think-ai-knowledge/src/response_generator.rs:251:24
    |
251 |     fn generate(&self, query: &str, context: &ResponseContext) -> Option<String> {
    |                        ^^^^^ help: if this is intentional, prefix it with an underscore: `_query`

warning: unused variable: `context`
   --> think-ai-knowledge/src/response_generator.rs:366:39
    |
366 |     fn can_handle(&self, query: &str, context: &ResponseContext) -> f32 {
    |                                       ^^^^^^^ help: if this is intentional, prefix it with an underscore: `_context`

warning: field `last_activity` is never read
  --> think-ai-knowledge/src/parallel_processor.rs:30:5
   |
25 | struct ProcessInfo {
   |        ----------- field in this struct
...
30 |     last_activity: u64,
   |     ^^^^^^^^^^^^^
   |
   = note: `ProcessInfo` has derived impls for the traits `Clone` and `Debug`, but these are intentionally ignored during dead code analysis
   = note: `#[warn(dead_code)]` on by default

warning: fields `knowledge_engine` and `benchmark_trainer` are never read
  --> think-ai-knowledge/src/automated_benchmark_runner.rs:91:5
   |
90 | pub struct AutomatedBenchmarkRunner {
   |            ------------------------ fields in this struct
91 |     knowledge_engine: Arc<KnowledgeEngine>,
   |     ^^^^^^^^^^^^^^^^
92 |     benchmark_evaluator: LLMBenchmarkEvaluator,
93 |     benchmark_trainer: BenchmarkTrainer,
   |     ^^^^^^^^^^^^^^^^^

warning: field `has_free_will` is never read
  --> think-ai-knowledge/src/autonomous_agent.rs:24:5
   |
14 | pub struct AutonomousAgent {
   |            --------------- field in this struct
...
24 |     has_free_will: bool,
   |     ^^^^^^^^^^^^^

warning: fields `goal`, `priority`, and `self_generated` are never read
  --> think-ai-knowledge/src/autonomous_agent.rs:28:5
   |
27 | pub struct Intention {
   |            --------- fields in this struct
28 |     goal: String,
   |     ^^^^
29 |     priority: f64,
   |     ^^^^^^^^
30 |     self_generated: bool,
   |     ^^^^^^^^^^^^^^
   |
   = note: `Intention` has derived impls for the traits `Debug` and `Clone`, but these are intentionally ignored during dead code analysis

warning: fields `action`, `reasoning`, `timestamp`, and `was_requested` are never read
  --> think-ai-knowledge/src/autonomous_agent.rs:35:5
   |
34 | pub struct AutonomousAction {
   |            ---------------- fields in this struct
35 |     action: String,
   |     ^^^^^^
36 |     reasoning: String,
   |     ^^^^^^^^^
37 |     timestamp: u64,
   |     ^^^^^^^^^
38 |     was_requested: bool,
   |     ^^^^^^^^^^^^^
   |
   = note: `AutonomousAction` has derived impls for the traits `Debug` and `Clone`, but these are intentionally ignored during dead code analysis

warning: field `response_generator` is never read
  --> think-ai-knowledge/src/benchmark_trainer.rs:80:5
   |
75 | pub struct BenchmarkTrainer {
   |            ---------------- field in this struct
...
80 |     response_generator: Arc<ComponentResponseGenerator>,
   |     ^^^^^^^^^^^^^^^^^^

warning: field `config` is never read
  --> think-ai-knowledge/src/comprehensive_trainer.rs:27:5
   |
25 | pub struct ComprehensiveTrainer {
   |            -------------------- field in this struct
26 |     engine: Arc<KnowledgeEngine>,
27 |     config: ComprehensiveTrainingConfig,
   |     ^^^^^^

warning: field `engine` is never read
 --> think-ai-knowledge/src/dynamic_expression.rs:8:5
  |
7 | pub struct DynamicExpressionGenerator {
  |            -------------------------- field in this struct
8 |     engine: Arc<KnowledgeEngine>,
  |     ^^^^^^

warning: field `timeout_duration` is never read
   --> think-ai-knowledge/src/fast_response_component.rs:102:5
    |
100 | pub struct TimeoutWrapper<T: ResponseComponent> {
    |            -------------- field in this struct
101 |     inner: T,
102 |     timeout_duration: Duration,
    |     ^^^^^^^^^^^^^^^^

warning: field `conversation_memory` is never read
  --> think-ai-knowledge/src/response_generator.rs:38:5
   |
35 | pub struct ComponentResponseGenerator {
   |            -------------------------- field in this struct
...
38 |     conversation_memory: Option<Arc<EnhancedConversationMemory>>,
   |     ^^^^^^^^^^^^^^^^^^^

warning: function `extract_main_topic` is never used
   --> think-ai-knowledge/src/self_evaluator.rs:366:4
    |
366 | fn extract_main_topic(question: &str) -> String {
    |    ^^^^^^^^^^^^^^^^^^

warning: `think-ai-knowledge` (lib) generated 22 warnings
warning: unused import: `Deserialize`
 --> think-ai-http/src/eternal_cache.rs:4:13
  |
4 | use serde::{Deserialize, Serialize};
  |             ^^^^^^^^^^^
  |
  = note: `#[warn(unused_imports)]` on by default

warning: unused import: `crate::eternal_cache::EternalCache`
 --> think-ai-http/src/handlers/chat_enhanced.rs:3:5
  |
3 | use crate::eternal_cache::EternalCache;
  |     ^^^^^^^^^^^^^^^^^^^^^^^^^^^^^^^^^^

warning: unused import: `crate::persistent_memory::PersistentMemory`
 --> think-ai-http/src/handlers/chat_enhanced.rs:5:5
  |
5 | use crate::persistent_memory::PersistentMemory;
  |     ^^^^^^^^^^^^^^^^^^^^^^^^^^^^^^^^^^^^^^^^^^

warning: unused import: `crate::eternal_cache::EternalCache`
 --> think-ai-http/src/handlers/chat_enhanced_fixed.rs:4:5
  |
4 | use crate::eternal_cache::EternalCache;
  |     ^^^^^^^^^^^^^^^^^^^^^^^^^^^^^^^^^^

warning: unused import: `crate::persistent_memory::PersistentMemory`
 --> think-ai-http/src/handlers/chat_enhanced_fixed.rs:6:5
  |
6 | use crate::persistent_memory::PersistentMemory;
  |     ^^^^^^^^^^^^^^^^^^^^^^^^^^^^^^^^^^^^^^^^^^

warning: variable `cache_hit` is assigned to, but never used
   --> think-ai-http/src/handlers/chat_enhanced.rs:146:13
    |
146 |     let mut cache_hit = false;
    |             ^^^^^^^^^
    |
    = note: consider using `_cache_hit` instead
    = note: `#[warn(unused_variables)]` on by default

warning: value assigned to `cache_hit` is never read
   --> think-ai-http/src/handlers/chat_enhanced.rs:148:9
    |
148 |         cache_hit = true;
    |         ^^^^^^^^^
    |
    = help: maybe it is overwritten before being read?
    = note: `#[warn(unused_assignments)]` on by default

warning: variable `cache_hit` is assigned to, but never used
   --> think-ai-http/src/handlers/chat_enhanced_fixed.rs:147:13
    |
147 |     let mut cache_hit = false;
    |             ^^^^^^^^^
    |
    = note: consider using `_cache_hit` instead

warning: value assigned to `cache_hit` is never read
   --> think-ai-http/src/handlers/chat_enhanced_fixed.rs:149:9
    |
149 |         cache_hit = true;
    |         ^^^^^^^^^
    |
    = help: maybe it is overwritten before being read?

warning: field `ip_country_map` is never read
   --> think-ai-http/src/language.rs:213:5
    |
210 | struct GeoIpDatabase {
    |        ------------- field in this struct
...
213 |     ip_country_map: HashMap<String, String>,
    |     ^^^^^^^^^^^^^^
    |
    = note: `GeoIpDatabase` has derived impls for the traits `Clone` and `Debug`, but these are intentionally ignored during dead code analysis
    = note: `#[warn(dead_code)]` on by default

warning: `think-ai-http` (lib) generated 10 warnings (run `cargo fix --lib -p think-ai-http` to apply 5 suggestions)
warning: unused import: `http::StatusCode`
 --> full-system/src/main_persistent.rs:3:5
  |
3 |     http::StatusCode,
  |     ^^^^^^^^^^^^^^^^
  |
  = note: `#[warn(unused_imports)]` on by default

warning: unused imports: `Path`, `Query`, `Response`, `WebSocketUpgrade`, and `ws::WebSocket`
 --> full-system/src/main_with_tokens.rs:2:15
  |
2 |     extract::{ws::WebSocket, Path, Query, State, WebSocketUpgrade},
  |               ^^^^^^^^^^^^^  ^^^^  ^^^^^         ^^^^^^^^^^^^^^^^
3 |     http::StatusCode,
4 |     response::{Html, Response},
  |                      ^^^^^^^^
  |
  = note: `#[warn(unused_imports)]` on by default

warning: unused import: `services::ServeDir`
  --> full-system/src/main_with_tokens.rs:18:5
   |
18 |     services::ServeDir,
   |     ^^^^^^^^^^^^^^^^^^

warning: unused import: `O1ConsciousnessEngine`
  --> full-system/src/main_with_tokens.rs:27:35
   |
27 | use think_ai_core::{EngineConfig, O1ConsciousnessEngine, O1Engine};
   |                                   ^^^^^^^^^^^^^^^^^^^^^

warning: unused import: `KnowledgeNode`
  --> full-system/src/main_with_tokens.rs:28:60
   |
28 | use think_ai_knowledge::{KnowledgeDomain, KnowledgeEngine, KnowledgeNode};
   |                                                            ^^^^^^^^^^^^^

warning: fields `core_engine`, `vector_index`, and `consciousness_framework` are never read
  --> full-system/src/main_with_tokens.rs:36:5
   |
35 | struct ThinkAIState {
   |        ------------ fields in this struct
36 |     core_engine: Arc<O1Engine>,
   |     ^^^^^^^^^^^
37 |     knowledge_engine: Arc<KnowledgeEngine>,
38 |     vector_index: Arc<O1VectorIndex>,
   |     ^^^^^^^^^^^^
39 |     consciousness_framework: Arc<ConsciousnessFramework>,
   |     ^^^^^^^^^^^^^^^^^^^^^^^
   |
   = note: `ThinkAIState` has a derived impl for the trait `Clone`, but this is intentionally ignored during dead code analysis
   = note: `#[warn(dead_code)]` on by default

warning: `think-ai-full` (bin "think-ai-full-persistent") generated 1 warning (run `cargo fix --bin "think-ai-full-persistent"` to apply 1 suggestion)
warning: `think-ai-full` (bin "think-ai-full-tokens") generated 5 warnings (run `cargo fix --bin "think-ai-full-tokens"` to apply 4 suggestions)
warning: unused import: `SourceInfo`
 --> think-ai-websearch/src/fact_checker.rs:3:27
  |
3 | use crate::{SearchResult, SourceInfo, SourceTracker};
  |                           ^^^^^^^^^^
  |
  = note: `#[warn(unused_imports)]` on by default

warning: unused import: `debug`
 --> think-ai-websearch/src/fact_checker.rs:8:15
  |
8 | use tracing::{debug, info};
  |               ^^^^^

warning: unused variable: `query`
   --> think-ai-websearch/src/search_engine.rs:641:28
    |
641 |     async fn search(&self, query: &SearchQuery) -> Result<Vec<SearchResult>> {
    |                            ^^^^^ help: if this is intentional, prefix it with an underscore: `_query`
    |
    = note: `#[warn(unused_variables)]` on by default

warning: unused variable: `content`
   --> think-ai-websearch/src/source_tracker.rs:229:28
    |
229 |     fn extract_date(&self, content: Option<&str>) -> Option<DateTime<Utc>> {
    |                            ^^^^^^^ help: if this is intentional, prefix it with an underscore: `_content`

warning: field `client` is never read
   --> think-ai-websearch/src/search_engine.rs:622:5
    |
621 | struct NewsApiProvider {
    |        --------------- field in this struct
622 |     client: reqwest::Client,
    |     ^^^^^^
    |
    = note: `#[warn(dead_code)]` on by default

warning: field `compression_cache` is never read
  --> think-ai-context/src/context_compression.rs:20:5
   |
18 | pub struct ContextCompressor {
   |            ----------------- field in this struct
19 |     // O(1) lookup for compressed messages
20 |     compression_cache: Arc<DashMap<u64, CompressedMessage>>,
   |     ^^^^^^^^^^^^^^^^^
   |
   = note: `#[warn(dead_code)]` on by default

warning: field `optimizer` is never read
  --> think-ai-context/src/eternal_context.rs:67:5
   |
53 | pub struct EternalContextManager {
   |            --------------------- field in this struct
...
67 |     optimizer: Arc<MemoryOptimizer>,
   |     ^^^^^^^^^

warning: `think-ai-websearch` (lib) generated 5 warnings (run `cargo fix --lib -p think-ai-websearch` to apply 2 suggestions)
warning: `think-ai-context` (lib) generated 2 warnings
    Finished `release` profile [optimized] target(s) in 0.45s
